{
    "Rotavirus A P9delta5": 4,
    "Bovine rotavirus;Rotavirus sp.": 2,
    "Rotavirus sp.": 5,
    "Bovine rotavirus": 8,
    "Feline rotavirus": 2,
    "Bovine rotavirus strain B641/G6": 3,
    "Bovine rotavirus G8": 1,
    "Human rotavirus strain MP409": 1,
    "Rotavirus G8": 1,
    "Equine rotavirus": 5,
    "Human rotavirus A": 10,
    "Porcine rotavirus": 5,
    "Human rotavirus (STRAIN L26)": 1,
    "Human rotavirus": 2,
    "Human rotavirus (strain IGV-80-3)": 1
}